ffmpeg version 7.1.1 Copyright (c) 2000-2025 the FFmpeg developers
  built with Apple clang version 17.0.0 (clang-1700.0.13.3)
  configuration: --prefix=/opt/homebrew/Cellar/ffmpeg/7.1.1_3 --enable-shared --enable-pthreads --enable-version3 --cc=clang --host-cflags= --host-ldflags='-Wl,-ld_classic' --enable-ffplay --enable-gnutls --enable-gpl --enable-libaom --enable-libaribb24 --enable-libbluray --enable-libdav1d --enable-libharfbuzz --enable-libjxl --enable-libmp3lame --enable-libopus --enable-librav1e --enable-librist --enable-librubberband --enable-libsnappy --enable-libsrt --enable-libssh --enable-libsvtav1 --enable-libtesseract --enable-libtheora --enable-libvidstab --enable-libvmaf --enable-libvorbis --enable-libvpx --enable-libwebp --enable-libx264 --enable-libx265 --enable-libxml2 --enable-libxvid --enable-lzma --enable-libfontconfig --enable-libfreetype --enable-frei0r --enable-libass --enable-libopencore-amrnb --enable-libopencore-amrwb --enable-libopenjpeg --enable-libspeex --enable-libsoxr --enable-libzmq --enable-libzimg --disable-libjack --disable-indev=jack --enable-videotoolbox --enable-audiotoolbox --enable-neon
  libavutil      59. 39.100 / 59. 39.100
  libavcodec     61. 19.101 / 61. 19.101
  libavformat    61.  7.100 / 61.  7.100
  libavdevice    61.  3.100 / 61.  3.100
  libavfilter    10.  4.100 / 10.  4.100
  libswscale      8.  3.100 /  8.  3.100
  libswresample   5.  3.100 /  5.  3.100
  libpostproc    58.  3.100 / 58.  3.100
Input #0, rawvideo, from 'fd:':
  Duration: N/A, start: 0.000000, bitrate: 184320 kb/s
  Stream #0:0: Video: rawvideo (BGR[24] / 0x18524742), bgr24, 640x480, 184320 kb/s, 25 tbr, 25 tbn
Stream mapping:
  Stream #0:0 -> #0:0 (rawvideo (native) -> h264 (libx264))
[libx264 @ 0x141017030] using cpu capabilities: ARMv8 NEON
[libx264 @ 0x141017030] profile Constrained Baseline, level 3.1, 4:2:0, 8-bit
[libx264 @ 0x141017030] 264 - core 164 r3108 31e19f9 - H.264/MPEG-4 AVC codec - Copyleft 2003-2023 - http://www.videolan.org/x264.html - options: cabac=0 ref=1 deblock=0:0:0 analyse=0:0 me=dia subme=0 psy=1 psy_rd=1.00:0.00 mixed_ref=0 me_range=16 chroma_me=1 trellis=0 8x8dct=0 cqm=0 deadzone=21,11 fast_pskip=1 chroma_qp_offset=0 threads=7 lookahead_threads=7 sliced_threads=1 slices=7 nr=0 decimate=1 interlaced=0 bluray_compat=0 constrained_intra=0 bframes=0 weightp=0 keyint=30 keyint_min=3 scenecut=0 intra_refresh=0 rc=crf mbtree=0 crf=23.0 qcomp=0.60 qpmin=0 qpmax=69 qpstep=4 ip_ratio=1.40 aq=0
Output #0, rtsp, to 'rtsp://admin:admin%40123@192.168.1.110:554/cam/realmonitor?channel=6&subtype=0':
  Metadata:
    encoder         : Lavf61.7.100
  Stream #0:0: Video: h264, yuv420p(tv, progressive), 640x480, q=2-31, 25 fps, 90k tbn
      Metadata:
        encoder         : Lavc61.19.101 libx264
      Side data:
        cpb: bitrate max/min/avg: 0/0/0 buffer size: 0 vbv_delay: N/A
[vost#0:0/libx264 @ 0x141016bd0] Error submitting a packet to the muxer: Broken pipe
    Last message repeated 1 times
[out#0/rtsp @ 0x141016150] Error muxing a packet
[out#0/rtsp @ 0x141016150] Task finished with error code: -32 (Broken pipe)
[out#0/rtsp @ 0x141016150] Terminating thread with return code -32 (Broken pipe)
[out#0/rtsp @ 0x141016150] video:52KiB audio:0KiB subtitle:0KiB other streams:0KiB global headers:0KiB muxing overhead: unknown
frame=    1 fps=0.0 q=26.0 Lsize=N/A time=00:00:00.04 bitrate=N/A speed=0.399x    
[libx264 @ 0x141017030] frame I:1     Avg QP:20.00  size: 52640
[libx264 @ 0x141017030] frame P:1     Avg QP:26.00  size:  3231
[libx264 @ 0x141017030] mb I  I16..4: 100.0%  0.0%  0.0%
[libx264 @ 0x141017030] mb P  I16..4:  1.0%  0.0%  0.0%  P16..4: 16.9%  0.0%  0.0%  0.0%  0.0%    skip:82.1%
[libx264 @ 0x141017030] coded y,uvDC,uvAC intra: 66.9% 72.7% 27.3% inter: 7.0% 6.2% 0.0%
[libx264 @ 0x141017030] i16 v,h,dc,p: 25% 31% 27% 17%
[libx264 @ 0x141017030] i8c dc,h,v,p: 43% 20% 28%  9%
[libx264 @ 0x141017030] kb/s:5587.10
Conversion failed!
